// Jest Snapshot v1, https://goo.gl/fbAQLP

exports[`HomePage renders correctly 1`] = `
<div
  class="page"
>
  <p>
    vvvvvvv ======== TEST HELLO WORLD frame ========= vvvvv
  </p>
  <h1 />
  <form>
    <input
      required=""
      type="text"
      value=""
    />
    <button
      type="submit"
    >
       Save! 
    </button>
  </form>
  <p>
    vvvvvvv ======== App frame ========= vvvvv
  </p>
  <div
    class="books"
  >
    <p>
      Loading books....
    </p>
  </div>
</div>
`;
